2026-03-29 13:15:43,306 [INFO] Starting build_project1_data pipeline
2026-03-29 13:15:43,330 [INFO] Universe loaded: 500 symbols
2026-03-29 13:15:43,372 [INFO] Bulk file map built: 8188 files
2026-03-29 13:15:43,394 [INFO] OK a.us — 6315 rows
2026-03-29 13:15:43,913 [INFO] OK aapl.us — 7551 rows
2026-03-29 13:15:44,433 [INFO] OK abbv.us — 3018 rows
2026-03-29 13:15:44,940 [INFO] OK abnb.us — 1020 rows
2026-03-29 13:15:45,469 [INFO] OK abt.us — 7551 rows
2026-03-29 13:15:45,991 [INFO] OK acgl.us — 4995 rows
2026-03-29 13:15:46,510 [INFO] OK acn.us — 4995 rows
2026-03-29 13:15:47,035 [INFO] OK adbe.us — 7551 rows
2026-03-29 13:15:47,562 [INFO] OK adi.us — 7549 rows
2026-03-29 13:15:48,091 [INFO] OK adm.us — 7551 rows
2026-03-29 13:15:48,618 [INFO] OK adp.us — 7549 rows
2026-03-29 13:15:49,144 [INFO] OK adsk.us — 7548 rows
2026-03-29 13:15:49,667 [INFO] OK aee.us — 6789 rows
2026-03-29 13:15:50,197 [INFO] OK aep.us — 7551 rows
2026-03-29 13:15:50,721 [INFO] OK aes.us — 7550 rows
2026-03-29 13:15:51,245 [INFO] OK afl.us — 7549 rows
2026-03-29 13:15:51,772 [INFO] OK aig.us — 7551 rows
2026-03-29 13:15:52,293 [INFO] OK aiz.us — 4995 rows
2026-03-29 13:15:52,814 [INFO] OK ajg.us — 4995 rows
2026-03-29 13:15:53,335 [INFO] OK akam.us — 4995 rows
2026-03-29 13:15:53,856 [INFO] OK alb.us — 4995 rows
2026-03-29 13:15:54,376 [INFO] OK algn.us — 4995 rows
2026-03-29 13:15:54,898 [INFO] OK all.us — 7548 rows
2026-03-29 13:15:55,416 [INFO] OK alle.us — 2787 rows
2026-03-29 13:15:55,943 [INFO] OK amat.us — 7549 rows
2026-03-29 13:15:56,457 [INFO] OK amcr.us — 1399 rows
2026-03-29 13:15:56,986 [INFO] OK amd.us — 7551 rows
2026-03-29 13:15:57,506 [INFO] OK ame.us — 4995 rows
2026-03-29 13:15:58,031 [INFO] OK amgn.us — 7549 rows
2026-03-29 13:15:58,554 [INFO] OK amp.us — 4855 rows
2026-03-29 13:15:59,075 [INFO] OK amt.us — 4995 rows
2026-03-29 13:15:59,598 [INFO] OK amzn.us — 6947 rows
2026-03-29 13:16:00,116 [INFO] OK anet.us — 2661 rows
2026-03-29 13:16:00,632 [INFO] OK aon.us — 4995 rows
2026-03-29 13:16:01,153 [INFO] OK aos.us — 4995 rows
2026-03-29 13:16:01,677 [INFO] OK apa.us — 7549 rows
2026-03-29 13:16:02,205 [INFO] OK apd.us — 7550 rows
2026-03-29 13:16:02,725 [INFO] OK aph.us — 4995 rows
2026-03-29 13:16:03,244 [INFO] OK apo.us — 3458 rows
2026-03-29 13:16:03,757 [INFO] OK app.us — 935 rows
2026-03-29 13:16:04,274 [INFO] OK aptv.us — 3298 rows
2026-03-29 13:16:04,795 [INFO] OK are.us — 4995 rows
2026-03-29 13:16:05,312 [INFO] OK ares.us — 2684 rows
2026-03-29 13:16:05,832 [INFO] OK ato.us — 4995 rows
2026-03-29 13:16:06,344 [INFO] OK avb.us — 4995 rows
2026-03-29 13:16:06,863 [INFO] OK avgo.us — 3877 rows
2026-03-29 13:16:07,386 [INFO] OK avy.us — 7551 rows
2026-03-29 13:16:07,906 [INFO] OK awk.us — 4202 rows
2026-03-29 13:16:08,426 [INFO] OK axon.us — 4995 rows
2026-03-29 13:16:08,958 [INFO] OK axp.us — 7551 rows
2026-03-29 13:16:09,481 [INFO] OK azo.us — 7550 rows
2026-03-29 13:16:10,010 [INFO] OK ba.us — 7550 rows
2026-03-29 13:16:10,533 [INFO] OK bac.us — 7549 rows
2026-03-29 13:16:11,060 [INFO] OK ball.us — 7549 rows
2026-03-29 13:16:11,587 [INFO] OK bax.us — 7549 rows
2026-03-29 13:16:12,110 [INFO] OK bby.us — 7551 rows
2026-03-29 13:16:12,635 [INFO] OK bdx.us — 7550 rows
2026-03-29 13:16:13,165 [INFO] OK ben.us — 7550 rows
2026-03-29 13:16:13,686 [INFO] OK bg.us — 4995 rows
2026-03-29 13:16:14,210 [INFO] OK biib.us — 7547 rows
2026-03-29 13:16:14,736 [INFO] OK bk.us — 7551 rows
2026-03-29 13:16:15,256 [INFO] OK bkng.us — 4995 rows
2026-03-29 13:16:15,772 [INFO] OK bkr.us — 1885 rows
2026-03-29 13:16:16,290 [INFO] OK bldr.us — 4915 rows
2026-03-29 13:16:16,811 [INFO] OK blk.us — 4995 rows
2026-03-29 13:16:17,337 [INFO] OK bmy.us — 7551 rows
2026-03-29 13:16:17,856 [INFO] OK br.us — 4475 rows
2026-03-29 13:16:18,376 [INFO] OK bro.us — 4995 rows
2026-03-29 13:16:18,899 [INFO] OK bsx.us — 7549 rows
2026-03-29 13:16:19,419 [INFO] OK bx.us — 4412 rows
2026-03-29 13:16:19,939 [INFO] OK bxp.us — 4995 rows
2026-03-29 13:16:20,467 [INFO] OK c.us — 7551 rows
2026-03-29 13:16:20,994 [INFO] OK cag.us — 7548 rows
2026-03-29 13:16:21,520 [INFO] OK cah.us — 7549 rows
2026-03-29 13:16:22,035 [INFO] OK carr.us — 1193 rows
2026-03-29 13:16:22,565 [INFO] OK cat.us — 7551 rows
2026-03-29 13:16:23,089 [INFO] OK cb.us — 7548 rows
2026-03-29 13:16:23,608 [INFO] OK cboe.us — 3662 rows
2026-03-29 13:16:24,125 [INFO] OK cbre.us — 4995 rows
2026-03-29 13:16:24,646 [INFO] OK cci.us — 4995 rows
2026-03-29 13:16:25,169 [INFO] OK ccl.us — 7550 rows
2026-03-29 13:16:25,689 [INFO] OK cdns.us — 4995 rows
2026-03-29 13:16:26,208 [INFO] OK cdw.us — 2898 rows
2026-03-29 13:16:26,720 [INFO] OK ceg.us — 741 rows
2026-03-29 13:16:27,242 [INFO] OK cf.us — 4880 rows
2026-03-29 13:16:27,759 [INFO] OK cfg.us — 2585 rows
2026-03-29 13:16:28,279 [INFO] OK chd.us — 4995 rows
2026-03-29 13:16:28,801 [INFO] OK chrw.us — 6842 rows
2026-03-29 13:16:29,319 [INFO] OK chtr.us — 3770 rows
2026-03-29 13:16:29,846 [INFO] OK ci.us — 7549 rows
2026-03-29 13:16:30,369 [INFO] OK cinf.us — 7549 rows
2026-03-29 13:16:30,898 [INFO] OK cl.us — 7549 rows
2026-03-29 13:16:31,416 [INFO] OK clx.us — 7550 rows
2026-03-29 13:16:31,941 [INFO] OK cmcsa.us — 7549 rows
2026-03-29 13:16:32,462 [INFO] OK cme.us — 4995 rows
2026-03-29 13:16:32,981 [INFO] OK cmg.us — 4765 rows
2026-03-29 13:16:33,505 [INFO] OK cmi.us — 7542 rows
2026-03-29 13:16:34,030 [INFO] OK cms.us — 7545 rows
2026-03-29 13:16:34,549 [INFO] OK cnc.us — 4995 rows
2026-03-29 13:16:35,077 [INFO] OK cnp.us — 7548 rows
2026-03-29 13:16:35,601 [INFO] OK cof.us — 7547 rows
2026-03-29 13:16:36,116 [INFO] OK coin.us — 936 rows
2026-03-29 13:16:36,631 [INFO] OK coo.us — 4995 rows
2026-03-29 13:16:37,157 [INFO] OK cop.us — 7548 rows
2026-03-29 13:16:37,678 [INFO] OK cor.us — 7485 rows
2026-03-29 13:16:38,219 [INFO] OK cost.us — 7551 rows
2026-03-29 13:16:38,737 [INFO] OK cpay.us — 3531 rows
2026-03-29 13:16:39,262 [INFO] OK cpb.us — 7550 rows
2026-03-29 13:16:39,782 [INFO] OK cprt.us — 4995 rows
2026-03-29 13:16:40,302 [INFO] OK cpt.us — 4995 rows
2026-03-29 13:16:40,825 [INFO] OK crh.us — 4995 rows
2026-03-29 13:16:41,333 [INFO] OK crl.us — 4995 rows
2026-03-29 13:16:41,852 [INFO] OK crm.us — 4995 rows
2026-03-29 13:16:42,366 [INFO] OK crwd.us — 1399 rows
2026-03-29 13:16:42,887 [INFO] OK csco.us — 7551 rows
2026-03-29 13:16:43,407 [INFO] OK csgp.us — 4995 rows
2026-03-29 13:16:43,931 [INFO] OK csx.us — 7550 rows
2026-03-29 13:16:44,455 [INFO] OK ctas.us — 7549 rows
2026-03-29 13:16:44,974 [INFO] OK ctra.us — 4995 rows
2026-03-29 13:16:45,494 [INFO] OK ctsh.us — 4995 rows
2026-03-29 13:16:46,009 [INFO] OK ctva.us — 1405 rows
2026-03-29 13:16:46,520 [INFO] OK cvna.us — 1932 rows
2026-03-29 13:16:47,042 [INFO] OK cvs.us — 7548 rows
2026-03-29 13:16:47,573 [INFO] OK cvx.us — 7549 rows
2026-03-29 13:16:48,100 [INFO] OK d.us — 7551 rows
2026-03-29 13:16:48,627 [INFO] OK dal.us — 7549 rows
2026-03-29 13:16:49,141 [INFO] OK dash.us — 1021 rows
2026-03-29 13:16:49,651 [INFO] OK day.us — 1682 rows
2026-03-29 13:16:50,178 [INFO] OK dd.us — 7548 rows
2026-03-29 13:16:50,695 [INFO] OK ddog.us — 1330 rows
2026-03-29 13:16:51,221 [INFO] OK de.us — 7549 rows
2026-03-29 13:16:51,739 [INFO] OK deck.us — 4995 rows
2026-03-29 13:16:52,253 [INFO] OK dell.us — 1511 rows
2026-03-29 13:16:52,771 [INFO] OK dg.us — 3807 rows
2026-03-29 13:16:53,295 [INFO] OK dgx.us — 7046 rows
2026-03-29 13:16:53,813 [INFO] OK dhi.us — 4995 rows
2026-03-29 13:16:54,336 [INFO] OK dhr.us — 7548 rows
2026-03-29 13:16:54,861 [INFO] OK dis.us — 7548 rows
2026-03-29 13:16:55,381 [INFO] OK dlr.us — 4995 rows
2026-03-29 13:16:55,904 [INFO] OK dltr.us — 7503 rows
2026-03-29 13:16:56,417 [INFO] OK doc.us — 4995 rows
2026-03-29 13:16:56,938 [INFO] OK dov.us — 7551 rows
2026-03-29 13:16:57,452 [INFO] OK dow.us — 1447 rows
2026-03-29 13:16:57,965 [INFO] OK dpz.us — 4995 rows
2026-03-29 13:16:58,481 [INFO] OK dri.us — 7455 rows
2026-03-29 13:16:59,005 [INFO] OK dte.us — 7551 rows
2026-03-29 13:16:59,520 [INFO] OK duk.us — 7551 rows
2026-03-29 13:17:00,035 [INFO] OK dva.us — 4995 rows
2026-03-29 13:17:00,559 [INFO] OK dvn.us — 7550 rows
2026-03-29 13:17:01,078 [INFO] OK dxcm.us — 4962 rows
2026-03-29 13:17:01,591 [INFO] OK ea.us — 3277 rows
2026-03-29 13:17:02,113 [INFO] OK ebay.us — 6608 rows
2026-03-29 13:17:02,626 [INFO] OK ecl.us — 7549 rows
2026-03-29 13:17:03,144 [INFO] OK ed.us — 7551 rows
2026-03-29 13:17:03,665 [INFO] OK efx.us — 7551 rows
2026-03-29 13:17:04,180 [INFO] OK eg.us — 4995 rows
2026-03-29 13:17:04,708 [INFO] OK eix.us — 7551 rows
2026-03-29 13:17:05,215 [INFO] OK el.us — 4995 rows
2026-03-29 13:17:05,726 [INFO] OK elv.us — 7547 rows
2026-03-29 13:17:06,236 [INFO] OK eme.us — 4995 rows
2026-03-29 13:17:06,750 [INFO] OK emr.us — 7551 rows
2026-03-29 13:17:07,260 [INFO] OK eog.us — 7549 rows
2026-03-29 13:17:07,769 [INFO] OK epam.us — 3243 rows
2026-03-29 13:17:08,280 [INFO] OK eqix.us — 4995 rows
2026-03-29 13:17:08,788 [INFO] OK eqr.us — 7550 rows
2026-03-29 13:17:09,298 [INFO] OK eqt.us — 4995 rows
2026-03-29 13:17:09,808 [INFO] OK erie.us — 4995 rows
2026-03-29 13:17:10,316 [INFO] OK es.us — 4995 rows
2026-03-29 13:17:10,823 [INFO] OK ess.us — 4995 rows
2026-03-29 13:17:11,336 [INFO] OK etn.us — 7549 rows
2026-03-29 13:17:11,848 [INFO] OK etr.us — 7549 rows
2026-03-29 13:17:12,359 [INFO] OK evrg.us — 4995 rows
2026-03-29 13:17:12,869 [INFO] OK ew.us — 4995 rows
2026-03-29 13:17:13,382 [INFO] OK exc.us — 7548 rows
2026-03-29 13:17:13,888 [INFO] OK exe.us — 978 rows
2026-03-29 13:17:14,402 [INFO] OK expd.us — 7549 rows
2026-03-29 13:17:14,912 [INFO] OK expe.us — 4895 rows
2026-03-29 13:17:15,429 [INFO] OK exr.us — 4995 rows
2026-03-29 13:17:15,945 [INFO] OK f.us — 7549 rows
2026-03-29 13:17:16,454 [INFO] OK fang.us — 3073 rows
2026-03-29 13:17:16,965 [INFO] OK fast.us — 7549 rows
2026-03-29 13:17:17,476 [INFO] OK fcx.us — 7421 rows
2026-03-29 13:17:17,985 [INFO] OK fds.us — 4995 rows
2026-03-29 13:17:18,498 [INFO] OK fdx.us — 7548 rows
2026-03-29 13:17:19,007 [INFO] OK fe.us — 6828 rows
2026-03-29 13:17:19,517 [INFO] OK ffiv.us — 4995 rows
2026-03-29 13:17:20,028 [INFO] OK fico.us — 4995 rows
2026-03-29 13:17:20,538 [INFO] OK fis.us — 4995 rows
2026-03-29 13:17:21,053 [INFO] OK fisv.us — 7551 rows
2026-03-29 13:17:21,564 [INFO] OK fitb.us — 7549 rows
2026-03-29 13:17:22,074 [INFO] OK fix.us — 4995 rows
2026-03-29 13:17:22,583 [INFO] OK fox.us — 1462 rows
2026-03-29 13:17:23,091 [INFO] OK foxa.us — 1462 rows
2026-03-29 13:17:23,599 [INFO] OK frt.us — 4995 rows
2026-03-29 13:17:24,109 [INFO] OK fslr.us — 4559 rows
2026-03-29 13:17:24,616 [INFO] OK ftnt.us — 3804 rows
2026-03-29 13:17:25,119 [INFO] OK ftv.us — 2137 rows
2026-03-29 13:17:25,629 [INFO] OK gd.us — 7549 rows
2026-03-29 13:17:26,137 [INFO] OK gddy.us — 2455 rows
2026-03-29 13:17:26,652 [INFO] OK ge.us — 7548 rows
2026-03-29 13:17:27,161 [INFO] OK gehc.us — 512 rows
2026-03-29 13:17:27,673 [INFO] OK gen.us — 7551 rows
2026-03-29 13:17:28,176 [INFO] OK gev.us — 189 rows
2026-03-29 13:17:28,692 [INFO] OK gild.us — 7545 rows
2026-03-29 13:17:29,235 [INFO] OK gis.us — 7551 rows
2026-03-29 13:17:29,749 [INFO] OK gl.us — 7551 rows
2026-03-29 13:17:30,277 [INFO] OK glw.us — 7549 rows
2026-03-29 13:17:30,794 [INFO] OK gm.us — 3553 rows
2026-03-29 13:17:31,304 [INFO] OK gnrc.us — 3747 rows
2026-03-29 13:17:31,811 [INFO] OK goog.us — 2710 rows
2026-03-29 13:17:32,319 [INFO] OK googl.us — 5127 rows
2026-03-29 13:17:32,838 [INFO] OK gpc.us — 7551 rows
2026-03-29 13:17:33,355 [INFO] OK gpn.us — 4995 rows
2026-03-29 13:17:33,865 [INFO] OK grmn.us — 6049 rows
2026-03-29 13:17:34,375 [INFO] OK gs.us — 6455 rows
2026-03-29 13:17:34,889 [INFO] OK gww.us — 7551 rows
2026-03-29 13:17:35,399 [INFO] OK hal.us — 7549 rows
2026-03-29 13:17:35,913 [INFO] OK has.us — 7551 rows
2026-03-29 13:17:36,426 [INFO] OK hban.us — 7551 rows
2026-03-29 13:17:36,936 [INFO] OK hca.us — 3473 rows
2026-03-29 13:17:37,450 [INFO] OK hd.us — 7550 rows
2026-03-29 13:17:37,961 [INFO] OK hig.us — 7308 rows
2026-03-29 13:17:38,470 [INFO] OK hii.us — 3458 rows
2026-03-29 13:17:38,977 [INFO] OK hlt.us — 2781 rows
2026-03-29 13:17:39,486 [INFO] OK holx.us — 4995 rows
2026-03-29 13:17:39,999 [INFO] OK hon.us — 7550 rows
2026-03-29 13:17:40,505 [INFO] OK hood.us — 862 rows
2026-03-29 13:17:41,014 [INFO] OK hpe.us — 2305 rows
2026-03-29 13:17:41,530 [INFO] OK hpq.us — 7551 rows
2026-03-29 13:17:42,040 [INFO] OK hrl.us — 4995 rows
2026-03-29 13:17:42,551 [INFO] OK hsic.us — 7337 rows
2026-03-29 13:17:43,058 [INFO] OK hst.us — 4995 rows
2026-03-29 13:17:43,571 [INFO] OK hsy.us — 7551 rows
2026-03-29 13:17:44,079 [INFO] OK hubb.us — 2268 rows
2026-03-29 13:17:44,592 [INFO] OK hum.us — 7551 rows
2026-03-29 13:17:45,101 [INFO] OK hwm.us — 2054 rows
2026-03-29 13:17:45,605 [INFO] OK ibkr.us — 1342 rows
2026-03-29 13:17:46,139 [INFO] OK ibm.us — 7551 rows
2026-03-29 13:17:46,659 [INFO] OK ice.us — 4812 rows
2026-03-29 13:17:47,180 [INFO] OK idxx.us — 4995 rows
2026-03-29 13:17:47,700 [INFO] OK iex.us — 4995 rows
2026-03-29 13:17:48,229 [INFO] OK iff.us — 7549 rows
2026-03-29 13:17:48,747 [INFO] OK incy.us — 4995 rows
2026-03-29 13:17:49,277 [INFO] OK intc.us — 7551 rows
2026-03-29 13:17:49,799 [INFO] OK intu.us — 7551 rows
2026-03-29 13:17:50,315 [INFO] OK invh.us — 1992 rows
2026-03-29 13:17:50,844 [INFO] OK ip.us — 7551 rows
2026-03-29 13:17:51,359 [INFO] OK iqv.us — 2932 rows
2026-03-29 13:17:51,874 [INFO] OK ir.us — 1922 rows
2026-03-29 13:17:52,394 [INFO] OK irm.us — 4995 rows
2026-03-29 13:17:52,914 [INFO] OK isrg.us — 4995 rows
2026-03-29 13:17:53,432 [INFO] OK it.us — 4995 rows
2026-03-29 13:17:53,955 [INFO] OK itw.us — 7551 rows
2026-03-29 13:17:54,475 [INFO] OK ivz.us — 4995 rows
2026-03-29 13:17:54,997 [INFO] OK j.us — 4995 rows
2026-03-29 13:17:55,520 [INFO] OK jbht.us — 4995 rows
2026-03-29 13:17:56,045 [INFO] OK jbl.us — 7546 rows
2026-03-29 13:17:56,569 [INFO] OK jci.us — 7549 rows
2026-03-29 13:17:57,088 [INFO] OK jkhy.us — 4995 rows
2026-03-29 13:17:57,617 [INFO] OK jnj.us — 7551 rows
2026-03-29 13:17:58,146 [INFO] OK jpm.us — 7550 rows
2026-03-29 13:17:58,664 [INFO] OK kdp.us — 4198 rows
2026-03-29 13:17:59,188 [INFO] OK key.us — 7548 rows
2026-03-29 13:17:59,704 [INFO] OK keys.us — 2555 rows
2026-03-29 13:18:00,218 [INFO] OK khc.us — 2390 rows
2026-03-29 13:18:00,743 [INFO] OK kim.us — 4995 rows
2026-03-29 13:18:01,262 [INFO] OK kkr.us — 3641 rows
2026-03-29 13:18:01,784 [INFO] OK klac.us — 7549 rows
2026-03-29 13:18:02,310 [INFO] OK kmb.us — 7551 rows
2026-03-29 13:18:02,829 [INFO] OK kmi.us — 3491 rows
2026-03-29 13:18:03,359 [INFO] OK ko.us — 7551 rows
2026-03-29 13:18:03,887 [INFO] OK kr.us — 7551 rows
2026-03-29 13:18:04,402 [INFO] OK kvue.us — 418 rows
2026-03-29 13:18:04,922 [INFO] OK l.us — 4995 rows
2026-03-29 13:18:05,438 [INFO] OK ldos.us — 4584 rows
2026-03-29 13:18:05,956 [INFO] OK len.us — 4995 rows
2026-03-29 13:18:06,467 [INFO] OK lh.us — 4995 rows
2026-03-29 13:18:06,987 [INFO] OK lhx.us — 4995 rows
2026-03-29 13:18:07,504 [INFO] OK lii.us — 4995 rows
2026-03-29 13:18:08,020 [INFO] OK lin.us — 1550 rows
2026-03-29 13:18:08,545 [INFO] OK lly.us — 7551 rows
2026-03-29 13:18:09,072 [INFO] OK lmt.us — 7549 rows
2026-03-29 13:18:09,592 [INFO] OK lnt.us — 4995 rows
2026-03-29 13:18:10,115 [INFO] OK low.us — 7549 rows
2026-03-29 13:18:10,641 [INFO] OK lrcx.us — 7544 rows
2026-03-29 13:18:11,159 [INFO] OK lulu.us — 4388 rows
2026-03-29 13:18:11,687 [INFO] OK luv.us — 7549 rows
2026-03-29 13:18:12,205 [INFO] OK lvs.us — 4995 rows
2026-03-29 13:18:12,721 [INFO] OK lw.us — 2046 rows
2026-03-29 13:18:13,235 [INFO] OK lyb.us — 3695 rows
2026-03-29 13:18:13,752 [INFO] OK lyv.us — 4792 rows
2026-03-29 13:18:14,271 [INFO] OK ma.us — 4682 rows
2026-03-29 13:18:14,792 [INFO] OK maa.us — 4995 rows
2026-03-29 13:18:15,316 [INFO] OK mar.us — 7551 rows
2026-03-29 13:18:15,843 [INFO] OK mas.us — 7550 rows
2026-03-29 13:18:16,373 [INFO] OK mcd.us — 7551 rows
2026-03-29 13:18:16,897 [INFO] OK mchp.us — 7551 rows
2026-03-29 13:18:17,424 [INFO] OK mck.us — 7547 rows
2026-03-29 13:18:17,946 [INFO] OK mco.us — 6098 rows
2026-03-29 13:18:18,466 [INFO] OK mdlz.us — 4593 rows
2026-03-29 13:18:18,995 [INFO] OK mdt.us — 7551 rows
2026-03-29 13:18:19,518 [INFO] OK met.us — 6224 rows
2026-03-29 13:18:20,036 [INFO] OK meta.us — 3175 rows
2026-03-29 13:18:20,554 [INFO] OK mgm.us — 4995 rows
2026-03-29 13:18:21,074 [INFO] OK mkc.us — 6440 rows
2026-03-29 13:18:21,595 [INFO] OK mlm.us — 4995 rows
2026-03-29 13:18:22,122 [INFO] OK mmm.us — 7551 rows
2026-03-29 13:18:22,648 [INFO] OK mnst.us — 7457 rows
2026-03-29 13:18:23,178 [INFO] OK mo.us — 7551 rows
2026-03-29 13:18:23,698 [INFO] OK moh.us — 4995 rows
2026-03-29 13:18:24,219 [INFO] OK mos.us — 4995 rows
2026-03-29 13:18:24,740 [INFO] OK mpc.us — 3395 rows
2026-03-29 13:18:25,260 [INFO] OK mpwr.us — 4995 rows
2026-03-29 13:18:25,788 [INFO] OK mrk.us — 7551 rows
2026-03-29 13:18:26,304 [INFO] OK mrna.us — 1526 rows
2026-03-29 13:18:26,825 [INFO] OK ms.us — 4995 rows
2026-03-29 13:18:27,352 [INFO] OK msci.us — 4310 rows
2026-03-29 13:18:27,877 [INFO] OK msft.us — 7550 rows
2026-03-29 13:18:28,397 [INFO] OK msi.us — 4996 rows
2026-03-29 13:18:28,920 [INFO] OK mtb.us — 7551 rows
2026-03-29 13:18:29,437 [INFO] OK mtch.us — 2293 rows
2026-03-29 13:18:29,956 [INFO] OK mtd.us — 4995 rows
2026-03-29 13:18:30,481 [INFO] OK mu.us — 7549 rows
2026-03-29 13:18:30,999 [INFO] OK nclh.us — 3008 rows
2026-03-29 13:18:31,514 [INFO] OK ndaq.us — 4994 rows
2026-03-29 13:18:32,034 [INFO] OK ndsn.us — 4995 rows
2026-03-29 13:18:32,554 [INFO] OK nee.us — 4995 rows
2026-03-29 13:18:33,082 [INFO] OK nem.us — 7551 rows
2026-03-29 13:18:33,602 [INFO] OK nflx.us — 4995 rows
2026-03-29 13:18:34,128 [INFO] OK ni.us — 7551 rows
2026-03-29 13:18:34,651 [INFO] OK nke.us — 7550 rows
2026-03-29 13:18:35,179 [INFO] OK noc.us — 7551 rows
2026-03-29 13:18:35,694 [INFO] OK now.us — 3146 rows
2026-03-29 13:18:36,210 [INFO] OK nrg.us — 4995 rows
2026-03-29 13:18:36,738 [INFO] OK nsc.us — 7551 rows
2026-03-29 13:18:37,261 [INFO] OK ntap.us — 7324 rows
2026-03-29 13:18:37,783 [INFO] OK ntrs.us — 7551 rows
2026-03-29 13:18:38,309 [INFO] OK nue.us — 7551 rows
2026-03-29 13:18:38,830 [INFO] OK nvda.us — 6527 rows
2026-03-29 13:18:39,340 [INFO] OK nvr.us — 4995 rows
2026-03-29 13:18:39,858 [INFO] OK nws.us — 2901 rows
2026-03-29 13:18:40,376 [INFO] OK nwsa.us — 2901 rows
2026-03-29 13:18:40,894 [INFO] OK nxpi.us — 3625 rows
2026-03-29 13:18:41,404 [INFO] OK o.us — 4995 rows
2026-03-29 13:18:41,929 [INFO] OK odfl.us — 4996 rows
2026-03-29 13:18:42,450 [INFO] OK oke.us — 4995 rows
2026-03-29 13:18:42,968 [INFO] OK omc.us — 7549 rows
2026-03-29 13:18:43,488 [INFO] OK on.us — 4995 rows
2026-03-29 13:18:44,006 [INFO] OK orcl.us — 7551 rows
2026-03-29 13:18:44,525 [INFO] OK orly.us — 4995 rows
2026-03-29 13:18:45,039 [INFO] OK otis.us — 1193 rows
2026-03-29 13:18:45,564 [INFO] OK oxy.us — 7551 rows
2026-03-29 13:18:46,081 [INFO] OK panw.us — 3132 rows
2026-03-29 13:18:46,598 [INFO] OK payc.us — 2697 rows
2026-03-29 13:18:47,119 [INFO] OK payx.us — 7549 rows
2026-03-29 13:18:47,638 [INFO] OK pcar.us — 7549 rows
2026-03-29 13:18:48,166 [INFO] OK pcg.us — 7551 rows
2026-03-29 13:18:48,690 [INFO] OK peg.us — 7551 rows
2026-03-29 13:18:49,219 [INFO] OK pep.us — 7551 rows
2026-03-29 13:18:49,747 [INFO] OK pfe.us — 7549 rows
2026-03-29 13:18:50,267 [INFO] OK pfg.us — 5837 rows
2026-03-29 13:18:50,788 [INFO] OK pg.us — 7551 rows
2026-03-29 13:18:51,313 [INFO] OK pgr.us — 7549 rows
2026-03-29 13:18:51,840 [INFO] OK ph.us — 7551 rows
2026-03-29 13:18:52,366 [INFO] OK phm.us — 7551 rows
2026-03-29 13:18:52,883 [INFO] OK pkg.us — 4995 rows
2026-03-29 13:18:53,407 [INFO] OK pld.us — 7385 rows
2026-03-29 13:18:53,921 [INFO] OK pltr.us — 1070 rows
2026-03-29 13:18:54,440 [INFO] OK pm.us — 4227 rows
2026-03-29 13:18:54,958 [INFO] OK pnc.us — 7549 rows
2026-03-29 13:18:55,477 [INFO] OK pnr.us — 4995 rows
2026-03-29 13:18:56,004 [INFO] OK pnw.us — 7551 rows
2026-03-29 13:18:56,517 [INFO] OK podd.us — 4439 rows
2026-03-29 13:18:57,037 [INFO] OK pool.us — 4995 rows
2026-03-29 13:18:57,564 [INFO] OK ppg.us — 7551 rows
2026-03-29 13:18:58,085 [INFO] OK ppl.us — 7549 rows
2026-03-29 13:18:58,607 [INFO] OK pru.us — 5799 rows
2026-03-29 13:18:59,126 [INFO] OK psa.us — 4995 rows
2026-03-29 13:18:59,647 [INFO] OK psky.us — 4995 rows
2026-03-29 13:19:00,161 [INFO] OK psx.us — 3186 rows
2026-03-29 13:19:00,675 [INFO] OK ptc.us — 2785 rows
2026-03-29 13:19:01,194 [INFO] OK pwr.us — 4995 rows
2026-03-29 13:19:01,715 [INFO] OK pypl.us — 2390 rows
2026-03-29 13:19:02,221 [INFO] FAILED q.us — missing bulk file
2026-03-29 13:19:02,748 [INFO] OK qcom.us — 7551 rows
2026-03-29 13:19:03,273 [INFO] OK rcl.us — 4995 rows
2026-03-29 13:19:03,793 [INFO] OK reg.us — 4995 rows
2026-03-29 13:19:04,314 [INFO] OK regn.us — 4994 rows
2026-03-29 13:19:04,833 [INFO] OK rf.us — 5941 rows
2026-03-29 13:19:05,355 [INFO] OK rjf.us — 4995 rows
2026-03-29 13:19:05,871 [INFO] OK rl.us — 4995 rows
2026-03-29 13:19:06,395 [INFO] OK rmd.us — 4995 rows
2026-03-29 13:19:06,922 [INFO] OK rok.us — 7548 rows
2026-03-29 13:19:07,440 [INFO] OK rol.us — 4995 rows
2026-03-29 13:19:07,954 [INFO] OK rop.us — 4995 rows
2026-03-29 13:19:08,479 [INFO] OK rost.us — 7549 rows
2026-03-29 13:19:08,997 [INFO] OK rsg.us — 4995 rows
2026-03-29 13:19:09,523 [INFO] OK rtx.us — 7550 rows
2026-03-29 13:19:10,048 [INFO] OK rvty.us — 7551 rows
2026-03-29 13:19:10,567 [INFO] OK sbac.us — 4995 rows
2026-03-29 13:19:11,091 [INFO] OK sbux.us — 7551 rows
2026-03-29 13:19:11,613 [INFO] OK schw.us — 7550 rows
2026-03-29 13:19:12,137 [INFO] OK shw.us — 7550 rows
2026-03-29 13:19:12,656 [INFO] OK sjm.us — 4995 rows
2026-03-29 13:19:13,183 [INFO] OK slb.us — 7551 rows
2026-03-29 13:19:13,703 [INFO] OK smci.us — 1249 rows
2026-03-29 13:19:14,229 [INFO] OK sna.us — 7549 rows
2026-03-29 13:19:14,738 [INFO] SKIPPED sndk.us — no rows in date window 1995-01-01–2024-12-31
2026-03-29 13:19:15,264 [INFO] OK snps.us — 7549 rows
2026-03-29 13:19:15,792 [INFO] OK so.us — 7549 rows
2026-03-29 13:19:16,306 [INFO] OK solv.us — 190 rows
2026-03-29 13:19:16,828 [INFO] OK spg.us — 7548 rows
2026-03-29 13:19:17,353 [INFO] OK spgi.us — 7551 rows
2026-03-29 13:19:17,876 [INFO] OK sre.us — 6668 rows
2026-03-29 13:19:18,399 [INFO] OK ste.us — 4995 rows
2026-03-29 13:19:18,914 [INFO] OK stld.us — 4995 rows
2026-03-29 13:19:19,432 [INFO] OK stt.us — 7550 rows
2026-03-29 13:19:19,952 [INFO] OK stx.us — 4995 rows
2026-03-29 13:19:20,469 [INFO] OK stz.us — 4995 rows
2026-03-29 13:19:20,981 [INFO] OK sw.us — 122 rows
2026-03-29 13:19:21,497 [INFO] OK swk.us — 7551 rows
2026-03-29 13:19:22,012 [INFO] OK swks.us — 4995 rows
2026-03-29 13:19:22,529 [INFO] OK syf.us — 2623 rows
2026-03-29 13:19:23,049 [INFO] OK syk.us — 7548 rows
2026-03-29 13:19:23,572 [INFO] OK syy.us — 7549 rows
2026-03-29 13:19:24,109 [INFO] OK t.us — 7552 rows
2026-03-29 13:19:24,622 [INFO] OK tap.us — 4995 rows
2026-03-29 13:19:25,179 [INFO] OK tdg.us — 4732 rows
2026-03-29 13:19:25,690 [INFO] OK tdy.us — 4995 rows
2026-03-29 13:19:26,203 [INFO] OK tech.us — 4995 rows
2026-03-29 13:19:26,715 [INFO] OK tel.us — 4417 rows
2026-03-29 13:19:27,239 [INFO] OK ter.us — 7549 rows
2026-03-29 13:19:27,761 [INFO] OK tfc.us — 7549 rows
2026-03-29 13:19:28,289 [INFO] OK tgt.us — 7551 rows
2026-03-29 13:19:28,814 [INFO] OK tjx.us — 7548 rows
2026-03-29 13:19:29,336 [INFO] OK tko.us — 6082 rows
2026-03-29 13:19:29,863 [INFO] OK tmo.us — 7551 rows
2026-03-29 13:19:30,382 [INFO] OK tmus.us — 4457 rows
2026-03-29 13:19:30,898 [INFO] OK tpl.us — 4991 rows
2026-03-29 13:19:31,418 [INFO] OK tpr.us — 4995 rows
2026-03-29 13:19:31,934 [INFO] OK trgp.us — 3537 rows
2026-03-29 13:19:32,454 [INFO] OK trmb.us — 4995 rows
2026-03-29 13:19:32,978 [INFO] OK trow.us — 7551 rows
2026-03-29 13:19:33,496 [INFO] OK trv.us — 4995 rows
2026-03-29 13:19:34,011 [INFO] OK tsco.us — 4995 rows
2026-03-29 13:19:34,526 [INFO] OK tsla.us — 3652 rows
2026-03-29 13:19:35,046 [INFO] OK tsn.us — 4995 rows
2026-03-29 13:19:35,569 [INFO] OK tt.us — 7551 rows
2026-03-29 13:19:36,085 [INFO] OK ttd.us — 2083 rows
2026-03-29 13:19:36,603 [INFO] OK ttwo.us — 4995 rows
2026-03-29 13:19:37,125 [INFO] OK txn.us — 7547 rows
2026-03-29 13:19:37,651 [INFO] OK txt.us — 7549 rows
2026-03-29 13:19:38,169 [INFO] OK tyl.us — 4995 rows
2026-03-29 13:19:38,689 [INFO] OK ual.us — 4766 rows
2026-03-29 13:19:39,202 [INFO] OK uber.us — 1421 rows
2026-03-29 13:19:39,720 [INFO] OK udr.us — 4995 rows
2026-03-29 13:19:40,240 [INFO] OK uhs.us — 4995 rows
2026-03-29 13:19:40,756 [INFO] OK ulta.us — 4325 rows
2026-03-29 13:19:41,280 [INFO] OK unh.us — 7551 rows
2026-03-29 13:19:41,803 [INFO] OK unp.us — 7550 rows
2026-03-29 13:19:42,323 [INFO] OK ups.us — 6321 rows
2026-03-29 13:19:42,842 [INFO] OK uri.us — 4995 rows
2026-03-29 13:19:43,366 [INFO] OK usb.us — 7546 rows
2026-03-29 13:19:43,884 [INFO] OK v.us — 4226 rows
2026-03-29 13:19:44,401 [INFO] OK vici.us — 1740 rows
2026-03-29 13:19:44,920 [INFO] OK vlo.us — 4995 rows
2026-03-29 13:19:45,437 [INFO] OK vlto.us — 314 rows
2026-03-29 13:19:45,961 [INFO] OK vmc.us — 7548 rows
2026-03-29 13:19:46,472 [INFO] OK vrsk.us — 3834 rows
2026-03-29 13:19:46,993 [INFO] OK vrsn.us — 6771 rows
2026-03-29 13:19:47,511 [INFO] OK vrtx.us — 4993 rows
2026-03-29 13:19:48,025 [INFO] OK vst.us — 1923 rows
2026-03-29 13:19:48,541 [INFO] OK vtr.us — 4995 rows
2026-03-29 13:19:49,057 [INFO] OK vtrs.us — 1049 rows
2026-03-29 13:19:49,579 [INFO] OK vz.us — 7549 rows
2026-03-29 13:19:50,098 [INFO] OK wab.us — 4995 rows
2026-03-29 13:19:50,614 [INFO] OK wat.us — 7325 rows
2026-03-29 13:19:51,127 [INFO] OK wbd.us — 690 rows
2026-03-29 13:19:51,645 [INFO] OK wday.us — 3073 rows
2026-03-29 13:19:52,162 [INFO] OK wdc.us — 4995 rows
2026-03-29 13:19:52,684 [INFO] OK wec.us — 7544 rows
2026-03-29 13:19:53,204 [INFO] OK well.us — 4995 rows
2026-03-29 13:19:53,726 [INFO] OK wfc.us — 7548 rows
2026-03-29 13:19:54,245 [INFO] OK wm.us — 4995 rows
2026-03-29 13:19:54,765 [INFO] OK wmb.us — 7548 rows
2026-03-29 13:19:55,294 [INFO] OK wmt.us — 7550 rows
2026-03-29 13:19:55,814 [INFO] OK wrb.us — 4995 rows
2026-03-29 13:19:56,329 [INFO] OK wsm.us — 4995 rows
2026-03-29 13:19:56,848 [INFO] OK wst.us — 4995 rows
2026-03-29 13:19:57,369 [INFO] OK wtw.us — 4995 rows
2026-03-29 13:19:57,895 [INFO] OK wy.us — 7548 rows
2026-03-29 13:19:58,414 [INFO] OK wynn.us — 4995 rows
2026-03-29 13:19:58,935 [INFO] OK xel.us — 6129 rows
2026-03-29 13:19:59,463 [INFO] OK xom.us — 7550 rows
2026-03-29 13:19:59,981 [INFO] OK xyl.us — 3310 rows
2026-03-29 13:20:00,498 [INFO] OK xyz.us — 2293 rows
2026-03-29 13:20:01,020 [INFO] OK yum.us — 6866 rows
2026-03-29 13:20:01,533 [INFO] OK zbh.us — 5886 rows
2026-03-29 13:20:02,053 [INFO] OK zbra.us — 4995 rows
2026-03-29 13:20:02,571 [INFO] OK zts.us — 2999 rows
2026-03-29 13:20:06,996 [INFO] Wrote tickers (19665 bytes CSV, 19547 bytes Parquet)
2026-03-29 13:20:14,985 [INFO] Wrote daily_prices (217320403 bytes CSV, 112119372 bytes Parquet)
2026-03-29 13:20:45,431 [INFO] Wrote daily_features (1059475131 bytes CSV, 448709055 bytes Parquet)
2026-03-29 13:20:45,445 [INFO] Wrote calendar (317273 bytes CSV, 119889 bytes Parquet)
2026-03-29 13:20:45,445 [INFO] Total (8 files): 1,838,100,335 bytes (1.838 GB)
2026-03-29 13:20:45,445 [INFO] Successful symbols: 498 / 500
2026-03-29 13:20:45,445 [INFO] Failed / skipped symbols: 2 (showing up to 15)
2026-03-29 13:20:45,445 [INFO]   - q.us: missing bulk file
2026-03-29 13:20:45,445 [INFO]   - sndk.us: no rows in date window
2026-03-29 13:20:45,445 [INFO] Pipeline complete. Log file: /Users/dylanli/DS4320-Project1/data/build_project1_data.log
